// Jest Snapshot v1, https://goo.gl/fbAQLP

exports[`Navbar Snapshot tests -  renders unchanged with a Session object, bibliotecas category and sair button clicked 1`] = `
<nav
  class="sticky top-0 z-50 bg-gradient-to-b from-gray-800 to-gray-900 drop-shadow-lg text-gray-50"
>
  <div
    class="flex px-8 py-6 justify-between items-center mx-auto max-w-3xl"
  >
    <div
      class="relative"
    >
      <div
        class="group rounded-3xl shadow-sm shadow-amber-50 transition-all hover:shadow-lg hover:shadow-amber-50 px-2"
      >
        <a
          class="className font-extrabold text-xl p-3"
          href="/"
        >
          Coderstore
        </a>
      </div>
    </div>
    <ul
      class="hidden p-3 md:flex md:flex-row gap-8"
    >
      <li
        class="className  flex-1 font-medium text-sm hover:opacity-50 active:text-blue-400"
      >
        <a
          href="/linguagens"
        >
          Linguagens
        </a>
      </li>
      <li
        class="className text-blue-400 flex-1 font-medium text-sm hover:opacity-50 active:text-blue-400"
      >
        <a
          href="/bibliotecas"
        >
          Bibliotecas
        </a>
      </li>
      <li
        class="className  flex-1 font-medium text-sm hover:opacity-50 active:text-blue-400"
      >
        <a
          href="/frameworks"
        >
          Frameworks
        </a>
      </li>
    </ul>
    <div
      class="flex justify-end"
    >
      <button
        class="group p-3 mx-2 md:hidden"
        tabindex="0"
      >
        <div
          class="transition-all space-y-2 group-focus-within:space-y-0 group-focus-within:space-x-3"
        >
          <span
            class="block w-6 h-0.5 bg-gray-300 transition-all group-focus-within:rotate-[60deg]"
          />
          <span
            class="block w-6 h-0.5 bg-gray-300 transition-all group-focus-within:translate-x-100 group-focus-within:hidden"
          />
          <span
            class="block w-6 h-0.5 bg-gray-300 transition-all group-focus-within:-rotate-[60deg] group-focus-within:-translate-y-0.5"
          />
        </div>
        <div
          class="z-50 hidden group-focus-within:block md:group-focus-within:hidden absolute right-[74px] top-[100px] w-40 px-8 py-4 bg-gradient-to-b from-gray-900 to-gray-800 shadow-lg text-gray-50 rounded-2xl"
        >
          <ul
            class="flex flex-col items-center gap-8"
          >
            <li
              class=" hover:opacity-50 active:text-blue-400"
            >
              <a
                href="/linguagens"
              >
                Linguagens
              </a>
            </li>
            <li
              class="text-blue-400 hover:opacity-50 active:text-blue-400"
            >
              <a
                href="/bibliotecas"
              >
                Bibliotecas
              </a>
            </li>
            <li
              class=" hover:opacity-50 active:text-blue-400"
            >
              <a
                href="/frameworks"
              >
                Frameworks
              </a>
            </li>
          </ul>
        </div>
      </button>
      <div
        class="group p-3 mx-1 relative hover:cursor-pointer"
        tabindex="0"
      >
        <svg
          aria-hidden="true"
          class="absolute w-6 h-6 top-4 left-0 hover:opacity-50"
          fill="currentColor"
          viewBox="0 0 24 24"
          xmlns="http://www.w3.org/2000/svg"
        >
          <path
            clip-rule="evenodd"
            d="M7.5 6a4.5 4.5 0 119 0 4.5 4.5 0 01-9 0zM3.751 20.105a8.25 8.25 0 0116.498 0 .75.75 0 01-.437.695A18.683 18.683 0 0112 22.5c-2.786 0-5.433-.608-7.812-1.7a.75.75 0 01-.437-.695z"
            fill-rule="evenodd"
          />
        </svg>
        <div
          class="z-50 hidden group-focus-within:block absolute -right-[68px] top-[76px] w-40 px-8 py-4 bg-gradient-to-b from-gray-900 to-gray-800 shadow-lg text-gray-50 rounded-2xl"
        >
          <ul
            class="flex flex-col items-center gap-8"
          >
            <li
              class="hover:opacity-50 active:text-blue-400"
            >
              <a
                href="/profile"
              >
                Meu perfil
              </a>
            </li>
            <li
              class="hover:opacity-50 active:text-blue-400"
            >
              <form>
                <button
                  aria-disabled="true"
                  disabled=""
                >
                  <span
                    class="flex justify-center"
                  >
                    <p>
                      Saindo...
                    </p>
                    <div
                      class="rounded-full border-gray-200 border-t-blue-500 border-l-blue-500 animate-spin h-5 w-5 border border-r-white border-b-white"
                    />
                  </span>
                </button>
              </form>
            </li>
          </ul>
        </div>
      </div>
      <a
        class="mt-1 p-3"
        href="/cart"
      >
        <button
          class="relative hover:opacity-50"
        >
          <div>
            <p />
          </div>
          <svg
            aria-hidden="true"
            class="mt-0 h-6 w-6"
            fill="none"
            stroke="currentColor"
            stroke-width="1.5"
            viewBox="0 0 24 24"
            xmlns="http://www.w3.org/2000/svg"
          >
            <path
              d="M2.25 3h1.386c.51 0 .955.343 1.087.835l.383 1.437M7.5 14.25a3 3 0 00-3 3h15.75m-12.75-3h11.218c1.121-2.3 2.1-4.684 2.924-7.138a60.114 60.114 0 00-16.536-1.84M7.5 14.25L5.106 5.272M6 20.25a.75.75 0 11-1.5 0 .75.75 0 011.5 0zm12.75 0a.75.75 0 11-1.5 0 .75.75 0 011.5 0z"
              stroke-linecap="round"
              stroke-linejoin="round"
            />
          </svg>
        </button>
      </a>
    </div>
  </div>
</nav>
`;

exports[`Navbar Snapshot tests -  renders unchanged with a Session object, bibliotecas category and sair button not clicked 1`] = `
<nav
  class="sticky top-0 z-50 bg-gradient-to-b from-gray-800 to-gray-900 drop-shadow-lg text-gray-50"
>
  <div
    class="flex px-8 py-6 justify-between items-center mx-auto max-w-3xl"
  >
    <div
      class="relative"
    >
      <div
        class="group rounded-3xl shadow-sm shadow-amber-50 transition-all hover:shadow-lg hover:shadow-amber-50 px-2"
      >
        <a
          class="className font-extrabold text-xl p-3"
          href="/"
        >
          Coderstore
        </a>
      </div>
    </div>
    <ul
      class="hidden p-3 md:flex md:flex-row gap-8"
    >
      <li
        class="className  flex-1 font-medium text-sm hover:opacity-50 active:text-blue-400"
      >
        <a
          href="/linguagens"
        >
          Linguagens
        </a>
      </li>
      <li
        class="className text-blue-400 flex-1 font-medium text-sm hover:opacity-50 active:text-blue-400"
      >
        <a
          href="/bibliotecas"
        >
          Bibliotecas
        </a>
      </li>
      <li
        class="className  flex-1 font-medium text-sm hover:opacity-50 active:text-blue-400"
      >
        <a
          href="/frameworks"
        >
          Frameworks
        </a>
      </li>
    </ul>
    <div
      class="flex justify-end"
    >
      <button
        class="group p-3 mx-2 md:hidden"
        tabindex="0"
      >
        <div
          class="transition-all space-y-2 group-focus-within:space-y-0 group-focus-within:space-x-3"
        >
          <span
            class="block w-6 h-0.5 bg-gray-300 transition-all group-focus-within:rotate-[60deg]"
          />
          <span
            class="block w-6 h-0.5 bg-gray-300 transition-all group-focus-within:translate-x-100 group-focus-within:hidden"
          />
          <span
            class="block w-6 h-0.5 bg-gray-300 transition-all group-focus-within:-rotate-[60deg] group-focus-within:-translate-y-0.5"
          />
        </div>
        <div
          class="z-50 hidden group-focus-within:block md:group-focus-within:hidden absolute right-[74px] top-[100px] w-40 px-8 py-4 bg-gradient-to-b from-gray-900 to-gray-800 shadow-lg text-gray-50 rounded-2xl"
        >
          <ul
            class="flex flex-col items-center gap-8"
          >
            <li
              class=" hover:opacity-50 active:text-blue-400"
            >
              <a
                href="/linguagens"
              >
                Linguagens
              </a>
            </li>
            <li
              class="text-blue-400 hover:opacity-50 active:text-blue-400"
            >
              <a
                href="/bibliotecas"
              >
                Bibliotecas
              </a>
            </li>
            <li
              class=" hover:opacity-50 active:text-blue-400"
            >
              <a
                href="/frameworks"
              >
                Frameworks
              </a>
            </li>
          </ul>
        </div>
      </button>
      <div
        class="group p-3 mx-1 relative hover:cursor-pointer"
        tabindex="0"
      >
        <svg
          aria-hidden="true"
          class="absolute w-6 h-6 top-4 left-0 hover:opacity-50"
          fill="currentColor"
          viewBox="0 0 24 24"
          xmlns="http://www.w3.org/2000/svg"
        >
          <path
            clip-rule="evenodd"
            d="M7.5 6a4.5 4.5 0 119 0 4.5 4.5 0 01-9 0zM3.751 20.105a8.25 8.25 0 0116.498 0 .75.75 0 01-.437.695A18.683 18.683 0 0112 22.5c-2.786 0-5.433-.608-7.812-1.7a.75.75 0 01-.437-.695z"
            fill-rule="evenodd"
          />
        </svg>
        <div
          class="z-50 hidden group-focus-within:block absolute -right-[68px] top-[76px] w-40 px-8 py-4 bg-gradient-to-b from-gray-900 to-gray-800 shadow-lg text-gray-50 rounded-2xl"
        >
          <ul
            class="flex flex-col items-center gap-8"
          >
            <li
              class="hover:opacity-50 active:text-blue-400"
            >
              <a
                href="/profile"
              >
                Meu perfil
              </a>
            </li>
            <li
              class="hover:opacity-50 active:text-blue-400"
            >
              <form>
                <button
                  aria-disabled="false"
                >
                  <span>
                    Sair
                  </span>
                </button>
              </form>
            </li>
          </ul>
        </div>
      </div>
      <a
        class="mt-1 p-3"
        href="/cart"
      >
        <button
          class="relative hover:opacity-50"
        >
          <div>
            <p />
          </div>
          <svg
            aria-hidden="true"
            class="mt-0 h-6 w-6"
            fill="none"
            stroke="currentColor"
            stroke-width="1.5"
            viewBox="0 0 24 24"
            xmlns="http://www.w3.org/2000/svg"
          >
            <path
              d="M2.25 3h1.386c.51 0 .955.343 1.087.835l.383 1.437M7.5 14.25a3 3 0 00-3 3h15.75m-12.75-3h11.218c1.121-2.3 2.1-4.684 2.924-7.138a60.114 60.114 0 00-16.536-1.84M7.5 14.25L5.106 5.272M6 20.25a.75.75 0 11-1.5 0 .75.75 0 011.5 0zm12.75 0a.75.75 0 11-1.5 0 .75.75 0 011.5 0z"
              stroke-linecap="round"
              stroke-linejoin="round"
            />
          </svg>
        </button>
      </a>
    </div>
  </div>
</nav>
`;

exports[`Navbar Snapshot tests -  renders unchanged with a Session object, frameworks category and sair button clicked 1`] = `
<nav
  class="sticky top-0 z-50 bg-gradient-to-b from-gray-800 to-gray-900 drop-shadow-lg text-gray-50"
>
  <div
    class="flex px-8 py-6 justify-between items-center mx-auto max-w-3xl"
  >
    <div
      class="relative"
    >
      <div
        class="group rounded-3xl shadow-sm shadow-amber-50 transition-all hover:shadow-lg hover:shadow-amber-50 px-2"
      >
        <a
          class="className font-extrabold text-xl p-3"
          href="/"
        >
          Coderstore
        </a>
      </div>
    </div>
    <ul
      class="hidden p-3 md:flex md:flex-row gap-8"
    >
      <li
        class="className  flex-1 font-medium text-sm hover:opacity-50 active:text-blue-400"
      >
        <a
          href="/linguagens"
        >
          Linguagens
        </a>
      </li>
      <li
        class="className  flex-1 font-medium text-sm hover:opacity-50 active:text-blue-400"
      >
        <a
          href="/bibliotecas"
        >
          Bibliotecas
        </a>
      </li>
      <li
        class="className text-blue-400 flex-1 font-medium text-sm hover:opacity-50 active:text-blue-400"
      >
        <a
          href="/frameworks"
        >
          Frameworks
        </a>
      </li>
    </ul>
    <div
      class="flex justify-end"
    >
      <button
        class="group p-3 mx-2 md:hidden"
        tabindex="0"
      >
        <div
          class="transition-all space-y-2 group-focus-within:space-y-0 group-focus-within:space-x-3"
        >
          <span
            class="block w-6 h-0.5 bg-gray-300 transition-all group-focus-within:rotate-[60deg]"
          />
          <span
            class="block w-6 h-0.5 bg-gray-300 transition-all group-focus-within:translate-x-100 group-focus-within:hidden"
          />
          <span
            class="block w-6 h-0.5 bg-gray-300 transition-all group-focus-within:-rotate-[60deg] group-focus-within:-translate-y-0.5"
          />
        </div>
        <div
          class="z-50 hidden group-focus-within:block md:group-focus-within:hidden absolute right-[74px] top-[100px] w-40 px-8 py-4 bg-gradient-to-b from-gray-900 to-gray-800 shadow-lg text-gray-50 rounded-2xl"
        >
          <ul
            class="flex flex-col items-center gap-8"
          >
            <li
              class=" hover:opacity-50 active:text-blue-400"
            >
              <a
                href="/linguagens"
              >
                Linguagens
              </a>
            </li>
            <li
              class=" hover:opacity-50 active:text-blue-400"
            >
              <a
                href="/bibliotecas"
              >
                Bibliotecas
              </a>
            </li>
            <li
              class="text-blue-400 hover:opacity-50 active:text-blue-400"
            >
              <a
                href="/frameworks"
              >
                Frameworks
              </a>
            </li>
          </ul>
        </div>
      </button>
      <div
        class="group p-3 mx-1 relative hover:cursor-pointer"
        tabindex="0"
      >
        <svg
          aria-hidden="true"
          class="absolute w-6 h-6 top-4 left-0 hover:opacity-50"
          fill="currentColor"
          viewBox="0 0 24 24"
          xmlns="http://www.w3.org/2000/svg"
        >
          <path
            clip-rule="evenodd"
            d="M7.5 6a4.5 4.5 0 119 0 4.5 4.5 0 01-9 0zM3.751 20.105a8.25 8.25 0 0116.498 0 .75.75 0 01-.437.695A18.683 18.683 0 0112 22.5c-2.786 0-5.433-.608-7.812-1.7a.75.75 0 01-.437-.695z"
            fill-rule="evenodd"
          />
        </svg>
        <div
          class="z-50 hidden group-focus-within:block absolute -right-[68px] top-[76px] w-40 px-8 py-4 bg-gradient-to-b from-gray-900 to-gray-800 shadow-lg text-gray-50 rounded-2xl"
        >
          <ul
            class="flex flex-col items-center gap-8"
          >
            <li
              class="hover:opacity-50 active:text-blue-400"
            >
              <a
                href="/profile"
              >
                Meu perfil
              </a>
            </li>
            <li
              class="hover:opacity-50 active:text-blue-400"
            >
              <form>
                <button
                  aria-disabled="true"
                  disabled=""
                >
                  <span
                    class="flex justify-center"
                  >
                    <p>
                      Saindo...
                    </p>
                    <div
                      class="rounded-full border-gray-200 border-t-blue-500 border-l-blue-500 animate-spin h-5 w-5 border border-r-white border-b-white"
                    />
                  </span>
                </button>
              </form>
            </li>
          </ul>
        </div>
      </div>
      <a
        class="mt-1 p-3"
        href="/cart"
      >
        <button
          class="relative hover:opacity-50"
        >
          <div>
            <p />
          </div>
          <svg
            aria-hidden="true"
            class="mt-0 h-6 w-6"
            fill="none"
            stroke="currentColor"
            stroke-width="1.5"
            viewBox="0 0 24 24"
            xmlns="http://www.w3.org/2000/svg"
          >
            <path
              d="M2.25 3h1.386c.51 0 .955.343 1.087.835l.383 1.437M7.5 14.25a3 3 0 00-3 3h15.75m-12.75-3h11.218c1.121-2.3 2.1-4.684 2.924-7.138a60.114 60.114 0 00-16.536-1.84M7.5 14.25L5.106 5.272M6 20.25a.75.75 0 11-1.5 0 .75.75 0 011.5 0zm12.75 0a.75.75 0 11-1.5 0 .75.75 0 011.5 0z"
              stroke-linecap="round"
              stroke-linejoin="round"
            />
          </svg>
        </button>
      </a>
    </div>
  </div>
</nav>
`;

exports[`Navbar Snapshot tests -  renders unchanged with a Session object, frameworks category and sair button not clicked 1`] = `
<nav
  class="sticky top-0 z-50 bg-gradient-to-b from-gray-800 to-gray-900 drop-shadow-lg text-gray-50"
>
  <div
    class="flex px-8 py-6 justify-between items-center mx-auto max-w-3xl"
  >
    <div
      class="relative"
    >
      <div
        class="group rounded-3xl shadow-sm shadow-amber-50 transition-all hover:shadow-lg hover:shadow-amber-50 px-2"
      >
        <a
          class="className font-extrabold text-xl p-3"
          href="/"
        >
          Coderstore
        </a>
      </div>
    </div>
    <ul
      class="hidden p-3 md:flex md:flex-row gap-8"
    >
      <li
        class="className  flex-1 font-medium text-sm hover:opacity-50 active:text-blue-400"
      >
        <a
          href="/linguagens"
        >
          Linguagens
        </a>
      </li>
      <li
        class="className  flex-1 font-medium text-sm hover:opacity-50 active:text-blue-400"
      >
        <a
          href="/bibliotecas"
        >
          Bibliotecas
        </a>
      </li>
      <li
        class="className text-blue-400 flex-1 font-medium text-sm hover:opacity-50 active:text-blue-400"
      >
        <a
          href="/frameworks"
        >
          Frameworks
        </a>
      </li>
    </ul>
    <div
      class="flex justify-end"
    >
      <button
        class="group p-3 mx-2 md:hidden"
        tabindex="0"
      >
        <div
          class="transition-all space-y-2 group-focus-within:space-y-0 group-focus-within:space-x-3"
        >
          <span
            class="block w-6 h-0.5 bg-gray-300 transition-all group-focus-within:rotate-[60deg]"
          />
          <span
            class="block w-6 h-0.5 bg-gray-300 transition-all group-focus-within:translate-x-100 group-focus-within:hidden"
          />
          <span
            class="block w-6 h-0.5 bg-gray-300 transition-all group-focus-within:-rotate-[60deg] group-focus-within:-translate-y-0.5"
          />
        </div>
        <div
          class="z-50 hidden group-focus-within:block md:group-focus-within:hidden absolute right-[74px] top-[100px] w-40 px-8 py-4 bg-gradient-to-b from-gray-900 to-gray-800 shadow-lg text-gray-50 rounded-2xl"
        >
          <ul
            class="flex flex-col items-center gap-8"
          >
            <li
              class=" hover:opacity-50 active:text-blue-400"
            >
              <a
                href="/linguagens"
              >
                Linguagens
              </a>
            </li>
            <li
              class=" hover:opacity-50 active:text-blue-400"
            >
              <a
                href="/bibliotecas"
              >
                Bibliotecas
              </a>
            </li>
            <li
              class="text-blue-400 hover:opacity-50 active:text-blue-400"
            >
              <a
                href="/frameworks"
              >
                Frameworks
              </a>
            </li>
          </ul>
        </div>
      </button>
      <div
        class="group p-3 mx-1 relative hover:cursor-pointer"
        tabindex="0"
      >
        <svg
          aria-hidden="true"
          class="absolute w-6 h-6 top-4 left-0 hover:opacity-50"
          fill="currentColor"
          viewBox="0 0 24 24"
          xmlns="http://www.w3.org/2000/svg"
        >
          <path
            clip-rule="evenodd"
            d="M7.5 6a4.5 4.5 0 119 0 4.5 4.5 0 01-9 0zM3.751 20.105a8.25 8.25 0 0116.498 0 .75.75 0 01-.437.695A18.683 18.683 0 0112 22.5c-2.786 0-5.433-.608-7.812-1.7a.75.75 0 01-.437-.695z"
            fill-rule="evenodd"
          />
        </svg>
        <div
          class="z-50 hidden group-focus-within:block absolute -right-[68px] top-[76px] w-40 px-8 py-4 bg-gradient-to-b from-gray-900 to-gray-800 shadow-lg text-gray-50 rounded-2xl"
        >
          <ul
            class="flex flex-col items-center gap-8"
          >
            <li
              class="hover:opacity-50 active:text-blue-400"
            >
              <a
                href="/profile"
              >
                Meu perfil
              </a>
            </li>
            <li
              class="hover:opacity-50 active:text-blue-400"
            >
              <form>
                <button
                  aria-disabled="false"
                >
                  <span>
                    Sair
                  </span>
                </button>
              </form>
            </li>
          </ul>
        </div>
      </div>
      <a
        class="mt-1 p-3"
        href="/cart"
      >
        <button
          class="relative hover:opacity-50"
        >
          <div>
            <p />
          </div>
          <svg
            aria-hidden="true"
            class="mt-0 h-6 w-6"
            fill="none"
            stroke="currentColor"
            stroke-width="1.5"
            viewBox="0 0 24 24"
            xmlns="http://www.w3.org/2000/svg"
          >
            <path
              d="M2.25 3h1.386c.51 0 .955.343 1.087.835l.383 1.437M7.5 14.25a3 3 0 00-3 3h15.75m-12.75-3h11.218c1.121-2.3 2.1-4.684 2.924-7.138a60.114 60.114 0 00-16.536-1.84M7.5 14.25L5.106 5.272M6 20.25a.75.75 0 11-1.5 0 .75.75 0 011.5 0zm12.75 0a.75.75 0 11-1.5 0 .75.75 0 011.5 0z"
              stroke-linecap="round"
              stroke-linejoin="round"
            />
          </svg>
        </button>
      </a>
    </div>
  </div>
</nav>
`;

exports[`Navbar Snapshot tests -  renders unchanged with a Session object, linguagens category and sair button clicked 1`] = `
<nav
  class="sticky top-0 z-50 bg-gradient-to-b from-gray-800 to-gray-900 drop-shadow-lg text-gray-50"
>
  <div
    class="flex px-8 py-6 justify-between items-center mx-auto max-w-3xl"
  >
    <div
      class="relative"
    >
      <div
        class="group rounded-3xl shadow-sm shadow-amber-50 transition-all hover:shadow-lg hover:shadow-amber-50 px-2"
      >
        <a
          class="className font-extrabold text-xl p-3"
          href="/"
        >
          Coderstore
        </a>
      </div>
    </div>
    <ul
      class="hidden p-3 md:flex md:flex-row gap-8"
    >
      <li
        class="className text-blue-400 flex-1 font-medium text-sm hover:opacity-50 active:text-blue-400"
      >
        <a
          href="/linguagens"
        >
          Linguagens
        </a>
      </li>
      <li
        class="className  flex-1 font-medium text-sm hover:opacity-50 active:text-blue-400"
      >
        <a
          href="/bibliotecas"
        >
          Bibliotecas
        </a>
      </li>
      <li
        class="className  flex-1 font-medium text-sm hover:opacity-50 active:text-blue-400"
      >
        <a
          href="/frameworks"
        >
          Frameworks
        </a>
      </li>
    </ul>
    <div
      class="flex justify-end"
    >
      <button
        class="group p-3 mx-2 md:hidden"
        tabindex="0"
      >
        <div
          class="transition-all space-y-2 group-focus-within:space-y-0 group-focus-within:space-x-3"
        >
          <span
            class="block w-6 h-0.5 bg-gray-300 transition-all group-focus-within:rotate-[60deg]"
          />
          <span
            class="block w-6 h-0.5 bg-gray-300 transition-all group-focus-within:translate-x-100 group-focus-within:hidden"
          />
          <span
            class="block w-6 h-0.5 bg-gray-300 transition-all group-focus-within:-rotate-[60deg] group-focus-within:-translate-y-0.5"
          />
        </div>
        <div
          class="z-50 hidden group-focus-within:block md:group-focus-within:hidden absolute right-[74px] top-[100px] w-40 px-8 py-4 bg-gradient-to-b from-gray-900 to-gray-800 shadow-lg text-gray-50 rounded-2xl"
        >
          <ul
            class="flex flex-col items-center gap-8"
          >
            <li
              class="text-blue-400 hover:opacity-50 active:text-blue-400"
            >
              <a
                href="/linguagens"
              >
                Linguagens
              </a>
            </li>
            <li
              class=" hover:opacity-50 active:text-blue-400"
            >
              <a
                href="/bibliotecas"
              >
                Bibliotecas
              </a>
            </li>
            <li
              class=" hover:opacity-50 active:text-blue-400"
            >
              <a
                href="/frameworks"
              >
                Frameworks
              </a>
            </li>
          </ul>
        </div>
      </button>
      <div
        class="group p-3 mx-1 relative hover:cursor-pointer"
        tabindex="0"
      >
        <svg
          aria-hidden="true"
          class="absolute w-6 h-6 top-4 left-0 hover:opacity-50"
          fill="currentColor"
          viewBox="0 0 24 24"
          xmlns="http://www.w3.org/2000/svg"
        >
          <path
            clip-rule="evenodd"
            d="M7.5 6a4.5 4.5 0 119 0 4.5 4.5 0 01-9 0zM3.751 20.105a8.25 8.25 0 0116.498 0 .75.75 0 01-.437.695A18.683 18.683 0 0112 22.5c-2.786 0-5.433-.608-7.812-1.7a.75.75 0 01-.437-.695z"
            fill-rule="evenodd"
          />
        </svg>
        <div
          class="z-50 hidden group-focus-within:block absolute -right-[68px] top-[76px] w-40 px-8 py-4 bg-gradient-to-b from-gray-900 to-gray-800 shadow-lg text-gray-50 rounded-2xl"
        >
          <ul
            class="flex flex-col items-center gap-8"
          >
            <li
              class="hover:opacity-50 active:text-blue-400"
            >
              <a
                href="/profile"
              >
                Meu perfil
              </a>
            </li>
            <li
              class="hover:opacity-50 active:text-blue-400"
            >
              <form>
                <button
                  aria-disabled="true"
                  disabled=""
                >
                  <span
                    class="flex justify-center"
                  >
                    <p>
                      Saindo...
                    </p>
                    <div
                      class="rounded-full border-gray-200 border-t-blue-500 border-l-blue-500 animate-spin h-5 w-5 border border-r-white border-b-white"
                    />
                  </span>
                </button>
              </form>
            </li>
          </ul>
        </div>
      </div>
      <a
        class="mt-1 p-3"
        href="/cart"
      >
        <button
          class="relative hover:opacity-50"
        >
          <div>
            <p />
          </div>
          <svg
            aria-hidden="true"
            class="mt-0 h-6 w-6"
            fill="none"
            stroke="currentColor"
            stroke-width="1.5"
            viewBox="0 0 24 24"
            xmlns="http://www.w3.org/2000/svg"
          >
            <path
              d="M2.25 3h1.386c.51 0 .955.343 1.087.835l.383 1.437M7.5 14.25a3 3 0 00-3 3h15.75m-12.75-3h11.218c1.121-2.3 2.1-4.684 2.924-7.138a60.114 60.114 0 00-16.536-1.84M7.5 14.25L5.106 5.272M6 20.25a.75.75 0 11-1.5 0 .75.75 0 011.5 0zm12.75 0a.75.75 0 11-1.5 0 .75.75 0 011.5 0z"
              stroke-linecap="round"
              stroke-linejoin="round"
            />
          </svg>
        </button>
      </a>
    </div>
  </div>
</nav>
`;

exports[`Navbar Snapshot tests -  renders unchanged with a Session object, linguagens category and sair button not clicked 1`] = `
<nav
  class="sticky top-0 z-50 bg-gradient-to-b from-gray-800 to-gray-900 drop-shadow-lg text-gray-50"
>
  <div
    class="flex px-8 py-6 justify-between items-center mx-auto max-w-3xl"
  >
    <div
      class="relative"
    >
      <div
        class="group rounded-3xl shadow-sm shadow-amber-50 transition-all hover:shadow-lg hover:shadow-amber-50 px-2"
      >
        <a
          class="className font-extrabold text-xl p-3"
          href="/"
        >
          Coderstore
        </a>
      </div>
    </div>
    <ul
      class="hidden p-3 md:flex md:flex-row gap-8"
    >
      <li
        class="className text-blue-400 flex-1 font-medium text-sm hover:opacity-50 active:text-blue-400"
      >
        <a
          href="/linguagens"
        >
          Linguagens
        </a>
      </li>
      <li
        class="className  flex-1 font-medium text-sm hover:opacity-50 active:text-blue-400"
      >
        <a
          href="/bibliotecas"
        >
          Bibliotecas
        </a>
      </li>
      <li
        class="className  flex-1 font-medium text-sm hover:opacity-50 active:text-blue-400"
      >
        <a
          href="/frameworks"
        >
          Frameworks
        </a>
      </li>
    </ul>
    <div
      class="flex justify-end"
    >
      <button
        class="group p-3 mx-2 md:hidden"
        tabindex="0"
      >
        <div
          class="transition-all space-y-2 group-focus-within:space-y-0 group-focus-within:space-x-3"
        >
          <span
            class="block w-6 h-0.5 bg-gray-300 transition-all group-focus-within:rotate-[60deg]"
          />
          <span
            class="block w-6 h-0.5 bg-gray-300 transition-all group-focus-within:translate-x-100 group-focus-within:hidden"
          />
          <span
            class="block w-6 h-0.5 bg-gray-300 transition-all group-focus-within:-rotate-[60deg] group-focus-within:-translate-y-0.5"
          />
        </div>
        <div
          class="z-50 hidden group-focus-within:block md:group-focus-within:hidden absolute right-[74px] top-[100px] w-40 px-8 py-4 bg-gradient-to-b from-gray-900 to-gray-800 shadow-lg text-gray-50 rounded-2xl"
        >
          <ul
            class="flex flex-col items-center gap-8"
          >
            <li
              class="text-blue-400 hover:opacity-50 active:text-blue-400"
            >
              <a
                href="/linguagens"
              >
                Linguagens
              </a>
            </li>
            <li
              class=" hover:opacity-50 active:text-blue-400"
            >
              <a
                href="/bibliotecas"
              >
                Bibliotecas
              </a>
            </li>
            <li
              class=" hover:opacity-50 active:text-blue-400"
            >
              <a
                href="/frameworks"
              >
                Frameworks
              </a>
            </li>
          </ul>
        </div>
      </button>
      <div
        class="group p-3 mx-1 relative hover:cursor-pointer"
        tabindex="0"
      >
        <svg
          aria-hidden="true"
          class="absolute w-6 h-6 top-4 left-0 hover:opacity-50"
          fill="currentColor"
          viewBox="0 0 24 24"
          xmlns="http://www.w3.org/2000/svg"
        >
          <path
            clip-rule="evenodd"
            d="M7.5 6a4.5 4.5 0 119 0 4.5 4.5 0 01-9 0zM3.751 20.105a8.25 8.25 0 0116.498 0 .75.75 0 01-.437.695A18.683 18.683 0 0112 22.5c-2.786 0-5.433-.608-7.812-1.7a.75.75 0 01-.437-.695z"
            fill-rule="evenodd"
          />
        </svg>
        <div
          class="z-50 hidden group-focus-within:block absolute -right-[68px] top-[76px] w-40 px-8 py-4 bg-gradient-to-b from-gray-900 to-gray-800 shadow-lg text-gray-50 rounded-2xl"
        >
          <ul
            class="flex flex-col items-center gap-8"
          >
            <li
              class="hover:opacity-50 active:text-blue-400"
            >
              <a
                href="/profile"
              >
                Meu perfil
              </a>
            </li>
            <li
              class="hover:opacity-50 active:text-blue-400"
            >
              <form>
                <button
                  aria-disabled="false"
                >
                  <span>
                    Sair
                  </span>
                </button>
              </form>
            </li>
          </ul>
        </div>
      </div>
      <a
        class="mt-1 p-3"
        href="/cart"
      >
        <button
          class="relative hover:opacity-50"
        >
          <div>
            <p />
          </div>
          <svg
            aria-hidden="true"
            class="mt-0 h-6 w-6"
            fill="none"
            stroke="currentColor"
            stroke-width="1.5"
            viewBox="0 0 24 24"
            xmlns="http://www.w3.org/2000/svg"
          >
            <path
              d="M2.25 3h1.386c.51 0 .955.343 1.087.835l.383 1.437M7.5 14.25a3 3 0 00-3 3h15.75m-12.75-3h11.218c1.121-2.3 2.1-4.684 2.924-7.138a60.114 60.114 0 00-16.536-1.84M7.5 14.25L5.106 5.272M6 20.25a.75.75 0 11-1.5 0 .75.75 0 011.5 0zm12.75 0a.75.75 0 11-1.5 0 .75.75 0 011.5 0z"
              stroke-linecap="round"
              stroke-linejoin="round"
            />
          </svg>
        </button>
      </a>
    </div>
  </div>
</nav>
`;

exports[`Navbar Snapshot tests -  renders unchanged with a Session object, undefined category and sair button clicked 1`] = `
<nav
  class="sticky top-0 z-50 bg-gradient-to-b from-gray-800 to-gray-900 drop-shadow-lg text-gray-50"
>
  <div
    class="flex px-8 py-6 justify-between items-center mx-auto max-w-3xl"
  >
    <div
      class="relative"
    >
      <div
        class="group rounded-3xl shadow-sm shadow-amber-50 transition-all hover:shadow-lg hover:shadow-amber-50 px-2"
      >
        <a
          class="className font-extrabold text-xl p-3"
          href="/"
        >
          Coderstore
        </a>
      </div>
    </div>
    <ul
      class="hidden p-3 md:flex md:flex-row gap-8"
    >
      <li
        class="className  flex-1 font-medium text-sm hover:opacity-50 active:text-blue-400"
      >
        <a
          href="/linguagens"
        >
          Linguagens
        </a>
      </li>
      <li
        class="className  flex-1 font-medium text-sm hover:opacity-50 active:text-blue-400"
      >
        <a
          href="/bibliotecas"
        >
          Bibliotecas
        </a>
      </li>
      <li
        class="className  flex-1 font-medium text-sm hover:opacity-50 active:text-blue-400"
      >
        <a
          href="/frameworks"
        >
          Frameworks
        </a>
      </li>
    </ul>
    <div
      class="flex justify-end"
    >
      <button
        class="group p-3 mx-2 md:hidden"
        tabindex="0"
      >
        <div
          class="transition-all space-y-2 group-focus-within:space-y-0 group-focus-within:space-x-3"
        >
          <span
            class="block w-6 h-0.5 bg-gray-300 transition-all group-focus-within:rotate-[60deg]"
          />
          <span
            class="block w-6 h-0.5 bg-gray-300 transition-all group-focus-within:translate-x-100 group-focus-within:hidden"
          />
          <span
            class="block w-6 h-0.5 bg-gray-300 transition-all group-focus-within:-rotate-[60deg] group-focus-within:-translate-y-0.5"
          />
        </div>
        <div
          class="z-50 hidden group-focus-within:block md:group-focus-within:hidden absolute right-[74px] top-[100px] w-40 px-8 py-4 bg-gradient-to-b from-gray-900 to-gray-800 shadow-lg text-gray-50 rounded-2xl"
        >
          <ul
            class="flex flex-col items-center gap-8"
          >
            <li
              class=" hover:opacity-50 active:text-blue-400"
            >
              <a
                href="/linguagens"
              >
                Linguagens
              </a>
            </li>
            <li
              class=" hover:opacity-50 active:text-blue-400"
            >
              <a
                href="/bibliotecas"
              >
                Bibliotecas
              </a>
            </li>
            <li
              class=" hover:opacity-50 active:text-blue-400"
            >
              <a
                href="/frameworks"
              >
                Frameworks
              </a>
            </li>
          </ul>
        </div>
      </button>
      <div
        class="group p-3 mx-1 relative hover:cursor-pointer"
        tabindex="0"
      >
        <svg
          aria-hidden="true"
          class="absolute w-6 h-6 top-4 left-0 hover:opacity-50"
          fill="currentColor"
          viewBox="0 0 24 24"
          xmlns="http://www.w3.org/2000/svg"
        >
          <path
            clip-rule="evenodd"
            d="M7.5 6a4.5 4.5 0 119 0 4.5 4.5 0 01-9 0zM3.751 20.105a8.25 8.25 0 0116.498 0 .75.75 0 01-.437.695A18.683 18.683 0 0112 22.5c-2.786 0-5.433-.608-7.812-1.7a.75.75 0 01-.437-.695z"
            fill-rule="evenodd"
          />
        </svg>
        <div
          class="z-50 hidden group-focus-within:block absolute -right-[68px] top-[76px] w-40 px-8 py-4 bg-gradient-to-b from-gray-900 to-gray-800 shadow-lg text-gray-50 rounded-2xl"
        >
          <ul
            class="flex flex-col items-center gap-8"
          >
            <li
              class="hover:opacity-50 active:text-blue-400"
            >
              <a
                href="/profile"
              >
                Meu perfil
              </a>
            </li>
            <li
              class="hover:opacity-50 active:text-blue-400"
            >
              <form>
                <button
                  aria-disabled="true"
                  disabled=""
                >
                  <span
                    class="flex justify-center"
                  >
                    <p>
                      Saindo...
                    </p>
                    <div
                      class="rounded-full border-gray-200 border-t-blue-500 border-l-blue-500 animate-spin h-5 w-5 border border-r-white border-b-white"
                    />
                  </span>
                </button>
              </form>
            </li>
          </ul>
        </div>
      </div>
      <a
        class="mt-1 p-3"
        href="/cart"
      >
        <button
          class="relative hover:opacity-50"
        >
          <div>
            <p />
          </div>
          <svg
            aria-hidden="true"
            class="mt-0 h-6 w-6"
            fill="none"
            stroke="currentColor"
            stroke-width="1.5"
            viewBox="0 0 24 24"
            xmlns="http://www.w3.org/2000/svg"
          >
            <path
              d="M2.25 3h1.386c.51 0 .955.343 1.087.835l.383 1.437M7.5 14.25a3 3 0 00-3 3h15.75m-12.75-3h11.218c1.121-2.3 2.1-4.684 2.924-7.138a60.114 60.114 0 00-16.536-1.84M7.5 14.25L5.106 5.272M6 20.25a.75.75 0 11-1.5 0 .75.75 0 011.5 0zm12.75 0a.75.75 0 11-1.5 0 .75.75 0 011.5 0z"
              stroke-linecap="round"
              stroke-linejoin="round"
            />
          </svg>
        </button>
      </a>
    </div>
  </div>
</nav>
`;

exports[`Navbar Snapshot tests -  renders unchanged with a Session object, undefined category and sair button not clicked 1`] = `
<nav
  class="sticky top-0 z-50 bg-gradient-to-b from-gray-800 to-gray-900 drop-shadow-lg text-gray-50"
>
  <div
    class="flex px-8 py-6 justify-between items-center mx-auto max-w-3xl"
  >
    <div
      class="relative"
    >
      <div
        class="group rounded-3xl shadow-sm shadow-amber-50 transition-all hover:shadow-lg hover:shadow-amber-50 px-2"
      >
        <a
          class="className font-extrabold text-xl p-3"
          href="/"
        >
          Coderstore
        </a>
      </div>
    </div>
    <ul
      class="hidden p-3 md:flex md:flex-row gap-8"
    >
      <li
        class="className  flex-1 font-medium text-sm hover:opacity-50 active:text-blue-400"
      >
        <a
          href="/linguagens"
        >
          Linguagens
        </a>
      </li>
      <li
        class="className  flex-1 font-medium text-sm hover:opacity-50 active:text-blue-400"
      >
        <a
          href="/bibliotecas"
        >
          Bibliotecas
        </a>
      </li>
      <li
        class="className  flex-1 font-medium text-sm hover:opacity-50 active:text-blue-400"
      >
        <a
          href="/frameworks"
        >
          Frameworks
        </a>
      </li>
    </ul>
    <div
      class="flex justify-end"
    >
      <button
        class="group p-3 mx-2 md:hidden"
        tabindex="0"
      >
        <div
          class="transition-all space-y-2 group-focus-within:space-y-0 group-focus-within:space-x-3"
        >
          <span
            class="block w-6 h-0.5 bg-gray-300 transition-all group-focus-within:rotate-[60deg]"
          />
          <span
            class="block w-6 h-0.5 bg-gray-300 transition-all group-focus-within:translate-x-100 group-focus-within:hidden"
          />
          <span
            class="block w-6 h-0.5 bg-gray-300 transition-all group-focus-within:-rotate-[60deg] group-focus-within:-translate-y-0.5"
          />
        </div>
        <div
          class="z-50 hidden group-focus-within:block md:group-focus-within:hidden absolute right-[74px] top-[100px] w-40 px-8 py-4 bg-gradient-to-b from-gray-900 to-gray-800 shadow-lg text-gray-50 rounded-2xl"
        >
          <ul
            class="flex flex-col items-center gap-8"
          >
            <li
              class=" hover:opacity-50 active:text-blue-400"
            >
              <a
                href="/linguagens"
              >
                Linguagens
              </a>
            </li>
            <li
              class=" hover:opacity-50 active:text-blue-400"
            >
              <a
                href="/bibliotecas"
              >
                Bibliotecas
              </a>
            </li>
            <li
              class=" hover:opacity-50 active:text-blue-400"
            >
              <a
                href="/frameworks"
              >
                Frameworks
              </a>
            </li>
          </ul>
        </div>
      </button>
      <div
        class="group p-3 mx-1 relative hover:cursor-pointer"
        tabindex="0"
      >
        <svg
          aria-hidden="true"
          class="absolute w-6 h-6 top-4 left-0 hover:opacity-50"
          fill="currentColor"
          viewBox="0 0 24 24"
          xmlns="http://www.w3.org/2000/svg"
        >
          <path
            clip-rule="evenodd"
            d="M7.5 6a4.5 4.5 0 119 0 4.5 4.5 0 01-9 0zM3.751 20.105a8.25 8.25 0 0116.498 0 .75.75 0 01-.437.695A18.683 18.683 0 0112 22.5c-2.786 0-5.433-.608-7.812-1.7a.75.75 0 01-.437-.695z"
            fill-rule="evenodd"
          />
        </svg>
        <div
          class="z-50 hidden group-focus-within:block absolute -right-[68px] top-[76px] w-40 px-8 py-4 bg-gradient-to-b from-gray-900 to-gray-800 shadow-lg text-gray-50 rounded-2xl"
        >
          <ul
            class="flex flex-col items-center gap-8"
          >
            <li
              class="hover:opacity-50 active:text-blue-400"
            >
              <a
                href="/profile"
              >
                Meu perfil
              </a>
            </li>
            <li
              class="hover:opacity-50 active:text-blue-400"
            >
              <form>
                <button
                  aria-disabled="false"
                >
                  <span>
                    Sair
                  </span>
                </button>
              </form>
            </li>
          </ul>
        </div>
      </div>
      <a
        class="mt-1 p-3"
        href="/cart"
      >
        <button
          class="relative hover:opacity-50"
        >
          <div>
            <p />
          </div>
          <svg
            aria-hidden="true"
            class="mt-0 h-6 w-6"
            fill="none"
            stroke="currentColor"
            stroke-width="1.5"
            viewBox="0 0 24 24"
            xmlns="http://www.w3.org/2000/svg"
          >
            <path
              d="M2.25 3h1.386c.51 0 .955.343 1.087.835l.383 1.437M7.5 14.25a3 3 0 00-3 3h15.75m-12.75-3h11.218c1.121-2.3 2.1-4.684 2.924-7.138a60.114 60.114 0 00-16.536-1.84M7.5 14.25L5.106 5.272M6 20.25a.75.75 0 11-1.5 0 .75.75 0 011.5 0zm12.75 0a.75.75 0 11-1.5 0 .75.75 0 011.5 0z"
              stroke-linecap="round"
              stroke-linejoin="round"
            />
          </svg>
        </button>
      </a>
    </div>
  </div>
</nav>
`;

exports[`Navbar Snapshot tests -  renders unchanged with null Session and bibliotecas category 1`] = `
<nav
  class="sticky top-0 z-50 bg-gradient-to-b from-gray-800 to-gray-900 drop-shadow-lg text-gray-50"
>
  <div
    class="flex px-8 py-6 justify-between items-center mx-auto max-w-3xl"
  >
    <div
      class="relative"
    >
      <div
        class="group rounded-3xl shadow-sm shadow-amber-50 transition-all hover:shadow-lg hover:shadow-amber-50 px-2"
      >
        <a
          class="className font-extrabold text-xl p-3"
          href="/"
        >
          Coderstore
        </a>
      </div>
    </div>
    <ul
      class="hidden p-3 md:flex md:flex-row gap-8"
    >
      <li
        class="className  flex-1 font-medium text-sm hover:opacity-50 active:text-blue-400"
      >
        <a
          href="/linguagens"
        >
          Linguagens
        </a>
      </li>
      <li
        class="className text-blue-400 flex-1 font-medium text-sm hover:opacity-50 active:text-blue-400"
      >
        <a
          href="/bibliotecas"
        >
          Bibliotecas
        </a>
      </li>
      <li
        class="className  flex-1 font-medium text-sm hover:opacity-50 active:text-blue-400"
      >
        <a
          href="/frameworks"
        >
          Frameworks
        </a>
      </li>
    </ul>
    <div
      class="flex justify-end"
    >
      <button
        class="group p-3 mx-2 md:hidden"
        tabindex="0"
      >
        <div
          class="transition-all space-y-2 group-focus-within:space-y-0 group-focus-within:space-x-3"
        >
          <span
            class="block w-6 h-0.5 bg-gray-300 transition-all group-focus-within:rotate-[60deg]"
          />
          <span
            class="block w-6 h-0.5 bg-gray-300 transition-all group-focus-within:translate-x-100 group-focus-within:hidden"
          />
          <span
            class="block w-6 h-0.5 bg-gray-300 transition-all group-focus-within:-rotate-[60deg] group-focus-within:-translate-y-0.5"
          />
        </div>
        <div
          class="z-50 hidden group-focus-within:block md:group-focus-within:hidden absolute right-[74px] top-[100px] w-40 px-8 py-4 bg-gradient-to-b from-gray-900 to-gray-800 shadow-lg text-gray-50 rounded-2xl"
        >
          <ul
            class="flex flex-col items-center gap-8"
          >
            <li
              class=" hover:opacity-50 active:text-blue-400"
            >
              <a
                href="/linguagens"
              >
                Linguagens
              </a>
            </li>
            <li
              class="text-blue-400 hover:opacity-50 active:text-blue-400"
            >
              <a
                href="/bibliotecas"
              >
                Bibliotecas
              </a>
            </li>
            <li
              class=" hover:opacity-50 active:text-blue-400"
            >
              <a
                href="/frameworks"
              >
                Frameworks
              </a>
            </li>
          </ul>
        </div>
      </button>
      <div
        class="group p-3 mx-1 relative hover:cursor-pointer"
        tabindex="0"
      >
        <svg
          aria-hidden="true"
          class="absolute w-6 h-6 top-4 left-0 hover:opacity-50"
          fill="none"
          stroke="currentColor"
          stroke-width="1.5"
          viewBox="0 0 24 24"
          xmlns="http://www.w3.org/2000/svg"
        >
          <path
            d="M15.75 6a3.75 3.75 0 11-7.5 0 3.75 3.75 0 017.5 0zM4.501 20.118a7.5 7.5 0 0114.998 0A17.933 17.933 0 0112 21.75c-2.676 0-5.216-.584-7.499-1.632z"
            stroke-linecap="round"
            stroke-linejoin="round"
          />
        </svg>
        <div
          class="z-50 hidden group-focus-within:block absolute -right-[68px] top-[76px] w-40 px-8 py-4 bg-gradient-to-b from-gray-900 to-gray-800 shadow-lg text-gray-50 rounded-2xl"
        >
          <ul
            class="flex flex-col items-center gap-8"
          >
            <li
              class="hover:opacity-50 active:text-blue-400"
            >
              <a
                href="/login"
              >
                Entrar
              </a>
            </li>
          </ul>
        </div>
      </div>
      <a
        class="mt-1 p-3"
        href="/cart"
      >
        <button
          class="relative hover:opacity-50"
        >
          <div>
            <p />
          </div>
          <svg
            aria-hidden="true"
            class="mt-0 h-6 w-6"
            fill="none"
            stroke="currentColor"
            stroke-width="1.5"
            viewBox="0 0 24 24"
            xmlns="http://www.w3.org/2000/svg"
          >
            <path
              d="M2.25 3h1.386c.51 0 .955.343 1.087.835l.383 1.437M7.5 14.25a3 3 0 00-3 3h15.75m-12.75-3h11.218c1.121-2.3 2.1-4.684 2.924-7.138a60.114 60.114 0 00-16.536-1.84M7.5 14.25L5.106 5.272M6 20.25a.75.75 0 11-1.5 0 .75.75 0 011.5 0zm12.75 0a.75.75 0 11-1.5 0 .75.75 0 011.5 0z"
              stroke-linecap="round"
              stroke-linejoin="round"
            />
          </svg>
        </button>
      </a>
    </div>
  </div>
</nav>
`;

exports[`Navbar Snapshot tests -  renders unchanged with null Session and frameworks category 1`] = `
<nav
  class="sticky top-0 z-50 bg-gradient-to-b from-gray-800 to-gray-900 drop-shadow-lg text-gray-50"
>
  <div
    class="flex px-8 py-6 justify-between items-center mx-auto max-w-3xl"
  >
    <div
      class="relative"
    >
      <div
        class="group rounded-3xl shadow-sm shadow-amber-50 transition-all hover:shadow-lg hover:shadow-amber-50 px-2"
      >
        <a
          class="className font-extrabold text-xl p-3"
          href="/"
        >
          Coderstore
        </a>
      </div>
    </div>
    <ul
      class="hidden p-3 md:flex md:flex-row gap-8"
    >
      <li
        class="className  flex-1 font-medium text-sm hover:opacity-50 active:text-blue-400"
      >
        <a
          href="/linguagens"
        >
          Linguagens
        </a>
      </li>
      <li
        class="className  flex-1 font-medium text-sm hover:opacity-50 active:text-blue-400"
      >
        <a
          href="/bibliotecas"
        >
          Bibliotecas
        </a>
      </li>
      <li
        class="className text-blue-400 flex-1 font-medium text-sm hover:opacity-50 active:text-blue-400"
      >
        <a
          href="/frameworks"
        >
          Frameworks
        </a>
      </li>
    </ul>
    <div
      class="flex justify-end"
    >
      <button
        class="group p-3 mx-2 md:hidden"
        tabindex="0"
      >
        <div
          class="transition-all space-y-2 group-focus-within:space-y-0 group-focus-within:space-x-3"
        >
          <span
            class="block w-6 h-0.5 bg-gray-300 transition-all group-focus-within:rotate-[60deg]"
          />
          <span
            class="block w-6 h-0.5 bg-gray-300 transition-all group-focus-within:translate-x-100 group-focus-within:hidden"
          />
          <span
            class="block w-6 h-0.5 bg-gray-300 transition-all group-focus-within:-rotate-[60deg] group-focus-within:-translate-y-0.5"
          />
        </div>
        <div
          class="z-50 hidden group-focus-within:block md:group-focus-within:hidden absolute right-[74px] top-[100px] w-40 px-8 py-4 bg-gradient-to-b from-gray-900 to-gray-800 shadow-lg text-gray-50 rounded-2xl"
        >
          <ul
            class="flex flex-col items-center gap-8"
          >
            <li
              class=" hover:opacity-50 active:text-blue-400"
            >
              <a
                href="/linguagens"
              >
                Linguagens
              </a>
            </li>
            <li
              class=" hover:opacity-50 active:text-blue-400"
            >
              <a
                href="/bibliotecas"
              >
                Bibliotecas
              </a>
            </li>
            <li
              class="text-blue-400 hover:opacity-50 active:text-blue-400"
            >
              <a
                href="/frameworks"
              >
                Frameworks
              </a>
            </li>
          </ul>
        </div>
      </button>
      <div
        class="group p-3 mx-1 relative hover:cursor-pointer"
        tabindex="0"
      >
        <svg
          aria-hidden="true"
          class="absolute w-6 h-6 top-4 left-0 hover:opacity-50"
          fill="none"
          stroke="currentColor"
          stroke-width="1.5"
          viewBox="0 0 24 24"
          xmlns="http://www.w3.org/2000/svg"
        >
          <path
            d="M15.75 6a3.75 3.75 0 11-7.5 0 3.75 3.75 0 017.5 0zM4.501 20.118a7.5 7.5 0 0114.998 0A17.933 17.933 0 0112 21.75c-2.676 0-5.216-.584-7.499-1.632z"
            stroke-linecap="round"
            stroke-linejoin="round"
          />
        </svg>
        <div
          class="z-50 hidden group-focus-within:block absolute -right-[68px] top-[76px] w-40 px-8 py-4 bg-gradient-to-b from-gray-900 to-gray-800 shadow-lg text-gray-50 rounded-2xl"
        >
          <ul
            class="flex flex-col items-center gap-8"
          >
            <li
              class="hover:opacity-50 active:text-blue-400"
            >
              <a
                href="/login"
              >
                Entrar
              </a>
            </li>
          </ul>
        </div>
      </div>
      <a
        class="mt-1 p-3"
        href="/cart"
      >
        <button
          class="relative hover:opacity-50"
        >
          <div>
            <p />
          </div>
          <svg
            aria-hidden="true"
            class="mt-0 h-6 w-6"
            fill="none"
            stroke="currentColor"
            stroke-width="1.5"
            viewBox="0 0 24 24"
            xmlns="http://www.w3.org/2000/svg"
          >
            <path
              d="M2.25 3h1.386c.51 0 .955.343 1.087.835l.383 1.437M7.5 14.25a3 3 0 00-3 3h15.75m-12.75-3h11.218c1.121-2.3 2.1-4.684 2.924-7.138a60.114 60.114 0 00-16.536-1.84M7.5 14.25L5.106 5.272M6 20.25a.75.75 0 11-1.5 0 .75.75 0 011.5 0zm12.75 0a.75.75 0 11-1.5 0 .75.75 0 011.5 0z"
              stroke-linecap="round"
              stroke-linejoin="round"
            />
          </svg>
        </button>
      </a>
    </div>
  </div>
</nav>
`;

exports[`Navbar Snapshot tests -  renders unchanged with null Session and linguagens category 1`] = `
<nav
  class="sticky top-0 z-50 bg-gradient-to-b from-gray-800 to-gray-900 drop-shadow-lg text-gray-50"
>
  <div
    class="flex px-8 py-6 justify-between items-center mx-auto max-w-3xl"
  >
    <div
      class="relative"
    >
      <div
        class="group rounded-3xl shadow-sm shadow-amber-50 transition-all hover:shadow-lg hover:shadow-amber-50 px-2"
      >
        <a
          class="className font-extrabold text-xl p-3"
          href="/"
        >
          Coderstore
        </a>
      </div>
    </div>
    <ul
      class="hidden p-3 md:flex md:flex-row gap-8"
    >
      <li
        class="className text-blue-400 flex-1 font-medium text-sm hover:opacity-50 active:text-blue-400"
      >
        <a
          href="/linguagens"
        >
          Linguagens
        </a>
      </li>
      <li
        class="className  flex-1 font-medium text-sm hover:opacity-50 active:text-blue-400"
      >
        <a
          href="/bibliotecas"
        >
          Bibliotecas
        </a>
      </li>
      <li
        class="className  flex-1 font-medium text-sm hover:opacity-50 active:text-blue-400"
      >
        <a
          href="/frameworks"
        >
          Frameworks
        </a>
      </li>
    </ul>
    <div
      class="flex justify-end"
    >
      <button
        class="group p-3 mx-2 md:hidden"
        tabindex="0"
      >
        <div
          class="transition-all space-y-2 group-focus-within:space-y-0 group-focus-within:space-x-3"
        >
          <span
            class="block w-6 h-0.5 bg-gray-300 transition-all group-focus-within:rotate-[60deg]"
          />
          <span
            class="block w-6 h-0.5 bg-gray-300 transition-all group-focus-within:translate-x-100 group-focus-within:hidden"
          />
          <span
            class="block w-6 h-0.5 bg-gray-300 transition-all group-focus-within:-rotate-[60deg] group-focus-within:-translate-y-0.5"
          />
        </div>
        <div
          class="z-50 hidden group-focus-within:block md:group-focus-within:hidden absolute right-[74px] top-[100px] w-40 px-8 py-4 bg-gradient-to-b from-gray-900 to-gray-800 shadow-lg text-gray-50 rounded-2xl"
        >
          <ul
            class="flex flex-col items-center gap-8"
          >
            <li
              class="text-blue-400 hover:opacity-50 active:text-blue-400"
            >
              <a
                href="/linguagens"
              >
                Linguagens
              </a>
            </li>
            <li
              class=" hover:opacity-50 active:text-blue-400"
            >
              <a
                href="/bibliotecas"
              >
                Bibliotecas
              </a>
            </li>
            <li
              class=" hover:opacity-50 active:text-blue-400"
            >
              <a
                href="/frameworks"
              >
                Frameworks
              </a>
            </li>
          </ul>
        </div>
      </button>
      <div
        class="group p-3 mx-1 relative hover:cursor-pointer"
        tabindex="0"
      >
        <svg
          aria-hidden="true"
          class="absolute w-6 h-6 top-4 left-0 hover:opacity-50"
          fill="none"
          stroke="currentColor"
          stroke-width="1.5"
          viewBox="0 0 24 24"
          xmlns="http://www.w3.org/2000/svg"
        >
          <path
            d="M15.75 6a3.75 3.75 0 11-7.5 0 3.75 3.75 0 017.5 0zM4.501 20.118a7.5 7.5 0 0114.998 0A17.933 17.933 0 0112 21.75c-2.676 0-5.216-.584-7.499-1.632z"
            stroke-linecap="round"
            stroke-linejoin="round"
          />
        </svg>
        <div
          class="z-50 hidden group-focus-within:block absolute -right-[68px] top-[76px] w-40 px-8 py-4 bg-gradient-to-b from-gray-900 to-gray-800 shadow-lg text-gray-50 rounded-2xl"
        >
          <ul
            class="flex flex-col items-center gap-8"
          >
            <li
              class="hover:opacity-50 active:text-blue-400"
            >
              <a
                href="/login"
              >
                Entrar
              </a>
            </li>
          </ul>
        </div>
      </div>
      <a
        class="mt-1 p-3"
        href="/cart"
      >
        <button
          class="relative hover:opacity-50"
        >
          <div>
            <p />
          </div>
          <svg
            aria-hidden="true"
            class="mt-0 h-6 w-6"
            fill="none"
            stroke="currentColor"
            stroke-width="1.5"
            viewBox="0 0 24 24"
            xmlns="http://www.w3.org/2000/svg"
          >
            <path
              d="M2.25 3h1.386c.51 0 .955.343 1.087.835l.383 1.437M7.5 14.25a3 3 0 00-3 3h15.75m-12.75-3h11.218c1.121-2.3 2.1-4.684 2.924-7.138a60.114 60.114 0 00-16.536-1.84M7.5 14.25L5.106 5.272M6 20.25a.75.75 0 11-1.5 0 .75.75 0 011.5 0zm12.75 0a.75.75 0 11-1.5 0 .75.75 0 011.5 0z"
              stroke-linecap="round"
              stroke-linejoin="round"
            />
          </svg>
        </button>
      </a>
    </div>
  </div>
</nav>
`;

exports[`Navbar Snapshot tests -  renders unchanged with null Session and undefined category 1`] = `
<nav
  class="sticky top-0 z-50 bg-gradient-to-b from-gray-800 to-gray-900 drop-shadow-lg text-gray-50"
>
  <div
    class="flex px-8 py-6 justify-between items-center mx-auto max-w-3xl"
  >
    <div
      class="relative"
    >
      <div
        class="group rounded-3xl shadow-sm shadow-amber-50 transition-all hover:shadow-lg hover:shadow-amber-50 px-2"
      >
        <a
          class="className font-extrabold text-xl p-3"
          href="/"
        >
          Coderstore
        </a>
      </div>
    </div>
    <ul
      class="hidden p-3 md:flex md:flex-row gap-8"
    >
      <li
        class="className  flex-1 font-medium text-sm hover:opacity-50 active:text-blue-400"
      >
        <a
          href="/linguagens"
        >
          Linguagens
        </a>
      </li>
      <li
        class="className  flex-1 font-medium text-sm hover:opacity-50 active:text-blue-400"
      >
        <a
          href="/bibliotecas"
        >
          Bibliotecas
        </a>
      </li>
      <li
        class="className  flex-1 font-medium text-sm hover:opacity-50 active:text-blue-400"
      >
        <a
          href="/frameworks"
        >
          Frameworks
        </a>
      </li>
    </ul>
    <div
      class="flex justify-end"
    >
      <button
        class="group p-3 mx-2 md:hidden"
        tabindex="0"
      >
        <div
          class="transition-all space-y-2 group-focus-within:space-y-0 group-focus-within:space-x-3"
        >
          <span
            class="block w-6 h-0.5 bg-gray-300 transition-all group-focus-within:rotate-[60deg]"
          />
          <span
            class="block w-6 h-0.5 bg-gray-300 transition-all group-focus-within:translate-x-100 group-focus-within:hidden"
          />
          <span
            class="block w-6 h-0.5 bg-gray-300 transition-all group-focus-within:-rotate-[60deg] group-focus-within:-translate-y-0.5"
          />
        </div>
        <div
          class="z-50 hidden group-focus-within:block md:group-focus-within:hidden absolute right-[74px] top-[100px] w-40 px-8 py-4 bg-gradient-to-b from-gray-900 to-gray-800 shadow-lg text-gray-50 rounded-2xl"
        >
          <ul
            class="flex flex-col items-center gap-8"
          >
            <li
              class=" hover:opacity-50 active:text-blue-400"
            >
              <a
                href="/linguagens"
              >
                Linguagens
              </a>
            </li>
            <li
              class=" hover:opacity-50 active:text-blue-400"
            >
              <a
                href="/bibliotecas"
              >
                Bibliotecas
              </a>
            </li>
            <li
              class=" hover:opacity-50 active:text-blue-400"
            >
              <a
                href="/frameworks"
              >
                Frameworks
              </a>
            </li>
          </ul>
        </div>
      </button>
      <div
        class="group p-3 mx-1 relative hover:cursor-pointer"
        tabindex="0"
      >
        <svg
          aria-hidden="true"
          class="absolute w-6 h-6 top-4 left-0 hover:opacity-50"
          fill="none"
          stroke="currentColor"
          stroke-width="1.5"
          viewBox="0 0 24 24"
          xmlns="http://www.w3.org/2000/svg"
        >
          <path
            d="M15.75 6a3.75 3.75 0 11-7.5 0 3.75 3.75 0 017.5 0zM4.501 20.118a7.5 7.5 0 0114.998 0A17.933 17.933 0 0112 21.75c-2.676 0-5.216-.584-7.499-1.632z"
            stroke-linecap="round"
            stroke-linejoin="round"
          />
        </svg>
        <div
          class="z-50 hidden group-focus-within:block absolute -right-[68px] top-[76px] w-40 px-8 py-4 bg-gradient-to-b from-gray-900 to-gray-800 shadow-lg text-gray-50 rounded-2xl"
        >
          <ul
            class="flex flex-col items-center gap-8"
          >
            <li
              class="hover:opacity-50 active:text-blue-400"
            >
              <a
                href="/login"
              >
                Entrar
              </a>
            </li>
          </ul>
        </div>
      </div>
      <a
        class="mt-1 p-3"
        href="/cart"
      >
        <button
          class="relative hover:opacity-50"
        >
          <div>
            <p />
          </div>
          <svg
            aria-hidden="true"
            class="mt-0 h-6 w-6"
            fill="none"
            stroke="currentColor"
            stroke-width="1.5"
            viewBox="0 0 24 24"
            xmlns="http://www.w3.org/2000/svg"
          >
            <path
              d="M2.25 3h1.386c.51 0 .955.343 1.087.835l.383 1.437M7.5 14.25a3 3 0 00-3 3h15.75m-12.75-3h11.218c1.121-2.3 2.1-4.684 2.924-7.138a60.114 60.114 0 00-16.536-1.84M7.5 14.25L5.106 5.272M6 20.25a.75.75 0 11-1.5 0 .75.75 0 011.5 0zm12.75 0a.75.75 0 11-1.5 0 .75.75 0 011.5 0z"
              stroke-linecap="round"
              stroke-linejoin="round"
            />
          </svg>
        </button>
      </a>
    </div>
  </div>
</nav>
`;
